 Inbound Label  Type  Nexthop        Outbound Label  
 ----------------------------------------------------
 XX             LDP   10.0.1.1 if 2  implicit-null   
 XX             LDP   10.0.2.3 if 3  implicit-null   
 XX             LDP   10.0.2.4 if 3  implicit-null   
 XX             LDP   10.0.3.3 if 4  implicit-null   

